// Jest Snapshot v1, https://goo.gl/fbAQLP

exports[`Storyshots Components/Table Basic 1`] = `
<table
  data-css-1wtopc0=""
>
  <thead
    data-css-1268me8=""
  >
    <tr
      data-css-17h080x=""
    >
      <th
        data-css-1268me8=""
      >
        1
      </th>
      <th
        data-css-1268me8=""
      >
        2
      </th>
      <th
        data-css-1268me8=""
      >
        3
      </th>
      <th
        data-css-1268me8=""
      >
        4
      </th>
      <th
        data-css-1268me8=""
      >
        5
      </th>
      <th
        data-css-1268me8=""
      >
        6
      </th>
      <th
        data-css-1268me8=""
      >
        7
      </th>
    </tr>
  </thead>
  <tbody
    data-css-1268me8=""
  >
    <tr
      data-css-17h080x=""
    >
      <td
        data-css-2zzudi=""
      >
        1
      </td>
      <td
        data-css-2zzudi=""
      >
        2
      </td>
      <td
        data-css-2zzudi=""
      >
        3
      </td>
      <td
        data-css-2zzudi=""
      >
        4
      </td>
      <td
        data-css-2zzudi=""
      >
        5
      </td>
      <td
        data-css-2zzudi=""
      >
        6
      </td>
      <td
        data-css-2zzudi=""
      >
        7
      </td>
    </tr>
    <tr
      data-css-17h080x=""
    >
      <td
        data-css-2zzudi=""
      >
        1
      </td>
      <td
        data-css-2zzudi=""
      >
        2
      </td>
      <td
        data-css-2zzudi=""
      >
        3
      </td>
      <td
        data-css-2zzudi=""
      >
        4
      </td>
      <td
        data-css-2zzudi=""
      >
        5
      </td>
      <td
        data-css-2zzudi=""
      >
        6
      </td>
      <td
        data-css-2zzudi=""
      >
        7
      </td>
    </tr>
    <tr
      data-css-17h080x=""
    >
      <td
        data-css-2zzudi=""
      >
        1
      </td>
      <td
        data-css-2zzudi=""
      >
        2
      </td>
      <td
        data-css-2zzudi=""
      >
        3
      </td>
      <td
        data-css-2zzudi=""
      >
        4
      </td>
      <td
        data-css-2zzudi=""
      >
        5
      </td>
      <td
        data-css-2zzudi=""
      >
        6
      </td>
      <td
        data-css-2zzudi=""
      >
        7
      </td>
    </tr>
  </tbody>
</table>
`;
